2026-07-15 15:02:29.201 +02:00[FTL] - Unhandled exception occurred {"SourceContext":"API_PetHealth.Middlewares.GlobalExceptionHandler","RequestId":"0HNN2E3QHULGD:00000001","RequestPath":"/Login","ConnectionId":"0HNN2E3QHULGD","Application":"PetHealth.API","AppEnv":"Development"}
System.ArgumentNullException: Value cannot be null. (Parameter 'value')
   at System.ArgumentNullException.Throw(String paramName)
   at System.ArgumentNullException.ThrowIfNull(Object argument, String paramName)
   at System.Security.Claims.Claim..ctor(String type, String value, String valueType, String issuer, String originalIssuer, ClaimsIdentity subject, String propertyKey, String propertyValue)
   at System.Security.Claims.Claim..ctor(String type, String value)
   at API_PetHealth.Controllers.LoginController.LoginAsync(LoginAppUserDto dto) in /Users/jordanmal/Documents/Projet Développement /PetHealthApplication/API/API_PetHealth/PetHealth.API/Controllers/LoginController.cs:line 45
   at lambda_method4(Closure, Object)
   at Microsoft.AspNetCore.Mvc.Infrastructure.ActionMethodExecutor.AwaitableObjectResultExecutor.Execute(ActionContext actionContext, IActionResultTypeMapper mapper, ObjectMethodExecutor executor, Object controller, Object[] arguments)
   at Microsoft.AspNetCore.Mvc.Infrastructure.ControllerActionInvoker.<InvokeActionMethodAsync>g__Logged|12_1(ControllerActionInvoker invoker)
   at Microsoft.AspNetCore.Mvc.Infrastructure.ControllerActionInvoker.<InvokeNextActionFilterAsync>g__Awaited|10_0(ControllerActionInvoker invoker, Task lastTask, State next, Scope scope, Object state, Boolean isCompleted)
   at Microsoft.AspNetCore.Mvc.Infrastructure.ControllerActionInvoker.Rethrow(ActionExecutedContextSealed context)
   at Microsoft.AspNetCore.Mvc.Infrastructure.ControllerActionInvoker.Next(State& next, Scope& scope, Object& state, Boolean& isCompleted)
   at Microsoft.AspNetCore.Mvc.Infrastructure.ControllerActionInvoker.<InvokeInnerFilterAsync>g__Awaited|13_0(ControllerActionInvoker invoker, Task lastTask, State next, Scope scope, Object state, Boolean isCompleted)
   at Microsoft.AspNetCore.Mvc.Infrastructure.ResourceInvoker.<InvokeFilterPipelineAsync>g__Awaited|20_0(ResourceInvoker invoker, Task lastTask, State next, Scope scope, Object state, Boolean isCompleted)
   at Microsoft.AspNetCore.Mvc.Infrastructure.ResourceInvoker.<InvokeAsync>g__Logged|17_1(ResourceInvoker invoker)
   at Microsoft.AspNetCore.Mvc.Infrastructure.ResourceInvoker.<InvokeAsync>g__Logged|17_1(ResourceInvoker invoker)
   at Microsoft.AspNetCore.Authorization.AuthorizationMiddleware.Invoke(HttpContext context)
   at Microsoft.AspNetCore.Authentication.AuthenticationMiddleware.Invoke(HttpContext context)
   at Microsoft.AspNetCore.Diagnostics.ExceptionHandlerMiddlewareImpl.<Invoke>g__Awaited|10_0(ExceptionHandlerMiddlewareImpl middleware, HttpContext context, Task task)
2026-07-15 15:03:23.105 +02:00[FTL] - Unhandled exception occurred {"SourceContext":"API_PetHealth.Middlewares.GlobalExceptionHandler","RequestId":"0HNN2E3QHULGD:00000002","RequestPath":"/Login","ConnectionId":"0HNN2E3QHULGD","Application":"PetHealth.API","AppEnv":"Development"}
System.ArgumentNullException: Value cannot be null. (Parameter 'value')
   at System.ArgumentNullException.Throw(String paramName)
   at System.ArgumentNullException.ThrowIfNull(Object argument, String paramName)
   at System.Security.Claims.Claim..ctor(String type, String value, String valueType, String issuer, String originalIssuer, ClaimsIdentity subject, String propertyKey, String propertyValue)
   at System.Security.Claims.Claim..ctor(String type, String value)
   at API_PetHealth.Controllers.LoginController.LoginAsync(LoginAppUserDto dto) in /Users/jordanmal/Documents/Projet Développement /PetHealthApplication/API/API_PetHealth/PetHealth.API/Controllers/LoginController.cs:line 45
   at lambda_method4(Closure, Object)
   at Microsoft.AspNetCore.Mvc.Infrastructure.ActionMethodExecutor.AwaitableObjectResultExecutor.Execute(ActionContext actionContext, IActionResultTypeMapper mapper, ObjectMethodExecutor executor, Object controller, Object[] arguments)
   at Microsoft.AspNetCore.Mvc.Infrastructure.ControllerActionInvoker.<InvokeActionMethodAsync>g__Logged|12_1(ControllerActionInvoker invoker)
   at Microsoft.AspNetCore.Mvc.Infrastructure.ControllerActionInvoker.<InvokeNextActionFilterAsync>g__Awaited|10_0(ControllerActionInvoker invoker, Task lastTask, State next, Scope scope, Object state, Boolean isCompleted)
   at Microsoft.AspNetCore.Mvc.Infrastructure.ControllerActionInvoker.Rethrow(ActionExecutedContextSealed context)
   at Microsoft.AspNetCore.Mvc.Infrastructure.ControllerActionInvoker.Next(State& next, Scope& scope, Object& state, Boolean& isCompleted)
   at Microsoft.AspNetCore.Mvc.Infrastructure.ControllerActionInvoker.<InvokeInnerFilterAsync>g__Awaited|13_0(ControllerActionInvoker invoker, Task lastTask, State next, Scope scope, Object state, Boolean isCompleted)
   at Microsoft.AspNetCore.Mvc.Infrastructure.ResourceInvoker.<InvokeFilterPipelineAsync>g__Awaited|20_0(ResourceInvoker invoker, Task lastTask, State next, Scope scope, Object state, Boolean isCompleted)
   at Microsoft.AspNetCore.Mvc.Infrastructure.ResourceInvoker.<InvokeAsync>g__Logged|17_1(ResourceInvoker invoker)
   at Microsoft.AspNetCore.Mvc.Infrastructure.ResourceInvoker.<InvokeAsync>g__Logged|17_1(ResourceInvoker invoker)
   at Microsoft.AspNetCore.Authorization.AuthorizationMiddleware.Invoke(HttpContext context)
   at Microsoft.AspNetCore.Authentication.AuthenticationMiddleware.Invoke(HttpContext context)
   at Microsoft.AspNetCore.Diagnostics.ExceptionHandlerMiddlewareImpl.<Invoke>g__Awaited|10_0(ExceptionHandlerMiddlewareImpl middleware, HttpContext context, Task task)
2026-07-15 15:10:44.660 +02:00[FTL] - Unhandled exception occurred {"SourceContext":"API_PetHealth.Middlewares.GlobalExceptionHandler","RequestId":"0HNN2E8TO6N3D:00000004","RequestPath":"/api/Pet","ConnectionId":"0HNN2E8TO6N3D","Application":"PetHealth.API","AppEnv":"Development"}
System.UnauthorizedAccessException: User id claim missing or invalid in token.
   at PetHealth.Infrastructure.Services.CurrentUserRepository.get_UserId() in /Users/jordanmal/Documents/Projet Développement /PetHealthApplication/API/API_PetHealth/PetHealth.Infrastructure/Services/CurrentUserRepository.cs:line 24
   at PetHealth.Infrastructure.Extensions.CurrentUserExtensions.WithUser(ICurrentUserRepository currentUserRepository, Object definition) in /Users/jordanmal/Documents/Projet Développement /PetHealthApplication/API/API_PetHealth/PetHealth.Infrastructure/Extensions/CurrentUserExtensions.cs:line 11
   at PetHealth.Infrastructure.Services.PetService.Execute(GetAllPetsQueryAsync query) in /Users/jordanmal/Documents/Projet Développement /PetHealthApplication/API/API_PetHealth/PetHealth.Infrastructure/Services/PetService.cs:line 34
   at API_PetHealth.Controllers.PetController.GetAllPetsAsync() in /Users/jordanmal/Documents/Projet Développement /PetHealthApplication/API/API_PetHealth/PetHealth.API/Controllers/PetController.cs:line 31
   at lambda_method4(Closure, Object)
   at Microsoft.AspNetCore.Mvc.Infrastructure.ActionMethodExecutor.AwaitableObjectResultExecutor.Execute(ActionContext actionContext, IActionResultTypeMapper mapper, ObjectMethodExecutor executor, Object controller, Object[] arguments)
   at Microsoft.AspNetCore.Mvc.Infrastructure.ControllerActionInvoker.<InvokeActionMethodAsync>g__Logged|12_1(ControllerActionInvoker invoker)
   at Microsoft.AspNetCore.Mvc.Infrastructure.ControllerActionInvoker.<InvokeNextActionFilterAsync>g__Awaited|10_0(ControllerActionInvoker invoker, Task lastTask, State next, Scope scope, Object state, Boolean isCompleted)
   at Microsoft.AspNetCore.Mvc.Infrastructure.ControllerActionInvoker.Rethrow(ActionExecutedContextSealed context)
   at Microsoft.AspNetCore.Mvc.Infrastructure.ControllerActionInvoker.Next(State& next, Scope& scope, Object& state, Boolean& isCompleted)
   at Microsoft.AspNetCore.Mvc.Infrastructure.ControllerActionInvoker.InvokeInnerFilterAsync()
--- End of stack trace from previous location ---
   at Microsoft.AspNetCore.Mvc.Infrastructure.ResourceInvoker.<InvokeFilterPipelineAsync>g__Awaited|20_0(ResourceInvoker invoker, Task lastTask, State next, Scope scope, Object state, Boolean isCompleted)
   at Microsoft.AspNetCore.Mvc.Infrastructure.ResourceInvoker.<InvokeAsync>g__Logged|17_1(ResourceInvoker invoker)
   at Microsoft.AspNetCore.Mvc.Infrastructure.ResourceInvoker.<InvokeAsync>g__Logged|17_1(ResourceInvoker invoker)
   at Microsoft.AspNetCore.Authorization.AuthorizationMiddleware.Invoke(HttpContext context)
   at Microsoft.AspNetCore.Authentication.AuthenticationMiddleware.Invoke(HttpContext context)
   at Microsoft.AspNetCore.Diagnostics.ExceptionHandlerMiddlewareImpl.<Invoke>g__Awaited|10_0(ExceptionHandlerMiddlewareImpl middleware, HttpContext context, Task task)
2026-07-15 15:13:01.352 +02:00[FTL] - Unhandled exception occurred {"SourceContext":"API_PetHealth.Middlewares.GlobalExceptionHandler","RequestId":"0HNN2E8TO6N3D:00000006","RequestPath":"/api/Pet","ConnectionId":"0HNN2E8TO6N3D","Application":"PetHealth.API","AppEnv":"Development"}
System.UnauthorizedAccessException: User id claim missing or invalid in token.
   at PetHealth.Infrastructure.Services.CurrentUserRepository.get_UserId() in /Users/jordanmal/Documents/Projet Développement /PetHealthApplication/API/API_PetHealth/PetHealth.Infrastructure/Services/CurrentUserRepository.cs:line 24
   at PetHealth.Infrastructure.Extensions.CurrentUserExtensions.WithUser(ICurrentUserRepository currentUserRepository, Object definition) in /Users/jordanmal/Documents/Projet Développement /PetHealthApplication/API/API_PetHealth/PetHealth.Infrastructure/Extensions/CurrentUserExtensions.cs:line 11
   at PetHealth.Infrastructure.Services.PetService.Execute(GetAllPetsQueryAsync query) in /Users/jordanmal/Documents/Projet Développement /PetHealthApplication/API/API_PetHealth/PetHealth.Infrastructure/Services/PetService.cs:line 34
   at API_PetHealth.Controllers.PetController.GetAllPetsAsync() in /Users/jordanmal/Documents/Projet Développement /PetHealthApplication/API/API_PetHealth/PetHealth.API/Controllers/PetController.cs:line 31
   at lambda_method4(Closure, Object)
   at Microsoft.AspNetCore.Mvc.Infrastructure.ActionMethodExecutor.AwaitableObjectResultExecutor.Execute(ActionContext actionContext, IActionResultTypeMapper mapper, ObjectMethodExecutor executor, Object controller, Object[] arguments)
   at Microsoft.AspNetCore.Mvc.Infrastructure.ControllerActionInvoker.<InvokeActionMethodAsync>g__Logged|12_1(ControllerActionInvoker invoker)
   at Microsoft.AspNetCore.Mvc.Infrastructure.ControllerActionInvoker.<InvokeNextActionFilterAsync>g__Awaited|10_0(ControllerActionInvoker invoker, Task lastTask, State next, Scope scope, Object state, Boolean isCompleted)
   at Microsoft.AspNetCore.Mvc.Infrastructure.ControllerActionInvoker.Rethrow(ActionExecutedContextSealed context)
   at Microsoft.AspNetCore.Mvc.Infrastructure.ControllerActionInvoker.Next(State& next, Scope& scope, Object& state, Boolean& isCompleted)
   at Microsoft.AspNetCore.Mvc.Infrastructure.ControllerActionInvoker.InvokeInnerFilterAsync()
--- End of stack trace from previous location ---
   at Microsoft.AspNetCore.Mvc.Infrastructure.ResourceInvoker.<InvokeFilterPipelineAsync>g__Awaited|20_0(ResourceInvoker invoker, Task lastTask, State next, Scope scope, Object state, Boolean isCompleted)
   at Microsoft.AspNetCore.Mvc.Infrastructure.ResourceInvoker.<InvokeAsync>g__Logged|17_1(ResourceInvoker invoker)
   at Microsoft.AspNetCore.Mvc.Infrastructure.ResourceInvoker.<InvokeAsync>g__Logged|17_1(ResourceInvoker invoker)
   at Microsoft.AspNetCore.Authorization.AuthorizationMiddleware.Invoke(HttpContext context)
   at Microsoft.AspNetCore.Authentication.AuthenticationMiddleware.Invoke(HttpContext context)
   at Microsoft.AspNetCore.Diagnostics.ExceptionHandlerMiddlewareImpl.<Invoke>g__Awaited|10_0(ExceptionHandlerMiddlewareImpl middleware, HttpContext context, Task task)
2026-07-15 15:14:27.149 +02:00[FTL] - Unhandled exception occurred {"SourceContext":"API_PetHealth.Middlewares.GlobalExceptionHandler","RequestId":"0HNN2EBR3S1TV:00000002","RequestPath":"/api/Pet","ConnectionId":"0HNN2EBR3S1TV","Application":"PetHealth.API","AppEnv":"Development"}
System.UnauthorizedAccessException: User id claim missing or invalid in token.
   at PetHealth.Infrastructure.Services.CurrentUserRepository.get_UserId() in /Users/jordanmal/Documents/Projet Développement /PetHealthApplication/API/API_PetHealth/PetHealth.Infrastructure/Services/CurrentUserRepository.cs:line 24
   at PetHealth.Infrastructure.Extensions.CurrentUserExtensions.WithUser(ICurrentUserRepository currentUserRepository, Object definition) in /Users/jordanmal/Documents/Projet Développement /PetHealthApplication/API/API_PetHealth/PetHealth.Infrastructure/Extensions/CurrentUserExtensions.cs:line 11
   at PetHealth.Infrastructure.Services.PetService.Execute(GetAllPetsQueryAsync query) in /Users/jordanmal/Documents/Projet Développement /PetHealthApplication/API/API_PetHealth/PetHealth.Infrastructure/Services/PetService.cs:line 34
   at API_PetHealth.Controllers.PetController.GetAllPetsAsync() in /Users/jordanmal/Documents/Projet Développement /PetHealthApplication/API/API_PetHealth/PetHealth.API/Controllers/PetController.cs:line 31
   at lambda_method12(Closure, Object)
   at Microsoft.AspNetCore.Mvc.Infrastructure.ActionMethodExecutor.AwaitableObjectResultExecutor.Execute(ActionContext actionContext, IActionResultTypeMapper mapper, ObjectMethodExecutor executor, Object controller, Object[] arguments)
   at Microsoft.AspNetCore.Mvc.Infrastructure.ControllerActionInvoker.<InvokeActionMethodAsync>g__Logged|12_1(ControllerActionInvoker invoker)
   at Microsoft.AspNetCore.Mvc.Infrastructure.ControllerActionInvoker.<InvokeNextActionFilterAsync>g__Awaited|10_0(ControllerActionInvoker invoker, Task lastTask, State next, Scope scope, Object state, Boolean isCompleted)
   at Microsoft.AspNetCore.Mvc.Infrastructure.ControllerActionInvoker.Rethrow(ActionExecutedContextSealed context)
   at Microsoft.AspNetCore.Mvc.Infrastructure.ControllerActionInvoker.Next(State& next, Scope& scope, Object& state, Boolean& isCompleted)
   at Microsoft.AspNetCore.Mvc.Infrastructure.ControllerActionInvoker.InvokeInnerFilterAsync()
--- End of stack trace from previous location ---
   at Microsoft.AspNetCore.Mvc.Infrastructure.ResourceInvoker.<InvokeFilterPipelineAsync>g__Awaited|20_0(ResourceInvoker invoker, Task lastTask, State next, Scope scope, Object state, Boolean isCompleted)
   at Microsoft.AspNetCore.Mvc.Infrastructure.ResourceInvoker.<InvokeAsync>g__Logged|17_1(ResourceInvoker invoker)
   at Microsoft.AspNetCore.Mvc.Infrastructure.ResourceInvoker.<InvokeAsync>g__Logged|17_1(ResourceInvoker invoker)
   at Microsoft.AspNetCore.Authorization.AuthorizationMiddleware.Invoke(HttpContext context)
   at Microsoft.AspNetCore.Authentication.AuthenticationMiddleware.Invoke(HttpContext context)
   at Microsoft.AspNetCore.Diagnostics.ExceptionHandlerMiddlewareImpl.<Invoke>g__Awaited|10_0(ExceptionHandlerMiddlewareImpl middleware, HttpContext context, Task task)
